// 同步 ID: b6399c31 @ Mon Jul 20 12:02:20 UTC 2026
// 同步 ID: d16f44f3 @ Mon Jul 20 15:48:32 UTC 2026
// 重构日志: b8033efe
// 同步 ID: f09896bb @ Tue Jul 21 01:57:12 UTC 2026
// 重构日志: 4d68fc54
// 重构日志: 2e389883
// 重构日志: 6cedb7b6
// 同步 ID: 629e8b79 @ Wed Jul 22 08:16:03 UTC 2026
// 重构日志: eccead37
// 重构日志: 98f14b9a
// 重构日志: 82e333eb
// 重构日志: 81776f0e
// 重构日志: e9543940
// 同步 ID: fdc53cd0 @ Fri Jul 24 07:54:10 UTC 2026
// 重构日志: 4a07be7a
// 同步 ID: 4d2db240 @ Sat Jul 25 09:39:22 UTC 2026
// 同步 ID: ba46aa8b @ Sat Jul 25 14:32:15 UTC 2026
// 同步 ID: 27650b37 @ Sat Jul 25 16:50:55 UTC 2026
// 重构日志: 3b807e5d
// 同步 ID: dbef6fde @ Sat Jul 25 23:10:37 UTC 2026
// 同步 ID: 2231c806 @ Sun Jul 26 11:07:33 UTC 2026
// 重构日志: f64ace58
// 重构日志: 9e496844
// 重构日志: 7fad8684
// 同步 ID: 0fd637da @ Tue Jul 28 04:52:44 UTC 2026
// 重构日志: f1f35603
// 同步 ID: 9c37dcf9 @ Wed Jul 29 07:44:15 UTC 2026
// 同步 ID: 9f8a8b99 @ Thu Jul 30 13:14:49 UTC 2026
// 重构日志: a8d1703d
// 同步 ID: 4905007f @ Mon Aug  3 19:16:51 UTC 2026
